This file contains any messages produced by compilers while
running configure, to aid debugging if configure makes a mistake.

It was created by io configure package, which was
generated by GNU Autoconf 2.72.  Invocation command line was

  $ ./configure --with-gaproot=/gap

## --------- ##
## Platform. ##
## --------- ##

hostname = df0b624bc9ed
uname -m = x86_64
uname -r = 6.16.10-200.fc42.aarch64
uname -s = Linux
uname -v = #1 SMP PREEMPT_DYNAMIC Thu Oct  2 19:40:14 UTC 2025

/usr/bin/uname -p = x86_64
/bin/uname -X     = unknown

/bin/arch              = x86_64
/usr/bin/arch -k       = unknown
/usr/convex/getsysinfo = unknown
/usr/bin/hostinfo      = unknown
/bin/machine           = unknown
/usr/bin/oslevel       = unknown
/bin/universe          = unknown

PATH: /emsdk/upstream/emscripten/cache/sysroot/bin/
PATH: /emsdk/
PATH: /emsdk/upstream/emscripten/
PATH: /emsdk/upstream/bin/
PATH: /emsdk/node/14.18.2_64bit/bin/
PATH: /usr/local/sbin/
PATH: /usr/local/bin/
PATH: /usr/sbin/
PATH: /usr/bin/
PATH: /sbin/
PATH: /bin/


## ----------- ##
## Core tests. ##
## ----------- ##

configure:2545: checking for gcc
configure:2578: result: /emsdk/upstream/emscripten/emcc
configure:2937: checking for C compiler version
configure:2946: /emsdk/upstream/emscripten/emcc --version >&5
emcc (Emscripten gcc/clang-like replacement + linker emulating GNU ld) 3.1.23 (5ae63ce7dd955df449cb419bfe5afc51d1bd57f2)
Copyright (C) 2014 the Emscripten authors (see AUTHORS.txt)
This is free and open source software under the MIT license.
There is NO warranty; not even for MERCHANTABILITY or FITNESS FOR A PARTICULAR PURPOSE.

configure:2957: $? = 0
configure:2946: /emsdk/upstream/emscripten/emcc -v >&5
emcc (Emscripten gcc/clang-like replacement + linker emulating GNU ld) 3.1.23 (5ae63ce7dd955df449cb419bfe5afc51d1bd57f2)
clang version 16.0.0 (https://github.com/llvm/llvm-project 8b587113b746f31b63fd6473083df78cef30a72e)
Target: wasm32-unknown-emscripten
Thread model: posix
InstalledDir: /emsdk/upstream/bin
configure:2957: $? = 0
configure:2946: /emsdk/upstream/emscripten/emcc -V >&5
emcc: error: no input files
configure:2957: $? = 1
configure:2946: /emsdk/upstream/emscripten/emcc -qversion >&5
emcc: error: no input files
configure:2957: $? = 1
configure:2946: /emsdk/upstream/emscripten/emcc -version >&5
emcc: error: no input files
configure:2957: $? = 1
configure:2977: checking whether the C compiler works
configure:2999: /emsdk/upstream/emscripten/emcc    conftest.c  >&5
configure:3003: $? = 0
configure:3054: result: yes
configure:3058: checking for C compiler default output file name
configure:3060: result: a.out
configure:3066: checking for suffix of executables
configure:3073: /emsdk/upstream/emscripten/emcc -o conftest    conftest.c  >&5
configure:3077: $? = 0
configure:3101: result: 
configure:3125: checking whether we are cross compiling
configure:3133: /emsdk/upstream/emscripten/emcc -o conftest    conftest.c  >&5
configure:3137: $? = 0
configure:3144: ./conftest
configure:3148: $? = 0
configure:3136: result: no
configure:3142: checking for suffix of object files
configure:3165: /emsdk/upstream/emscripten/emcc -c   conftest.c >&5
configure:3169: $? = 0
configure:3193: result: o
configure:3197: checking whether the compiler supports GNU C
configure:3217: /emsdk/upstream/emscripten/emcc -c   conftest.c >&5
configure:3217: $? = 0
configure:3229: result: yes
configure:3240: checking whether /emsdk/upstream/emscripten/emcc accepts -g
configure:3261: /emsdk/upstream/emscripten/emcc -c -g  conftest.c >&5
configure:3261: $? = 0
configure:3308: result: yes
configure:3328: checking for /emsdk/upstream/emscripten/emcc option to enable C11 features
configure:3343: /emsdk/upstream/emscripten/emcc  -c -g -O2  conftest.c >&5
configure:3343: $? = 0
configure:3362: result: none needed
configure:3497: checking for GAP root directory
configure:3514: result: /gap
configure:3538: checking for GAP architecture
configure:3545: result: aarch64-apple-darwin25-default64-kv11
configure:3598: checking for stdio.h
configure:3598: /emsdk/upstream/emscripten/emcc -c -g -O2  conftest.c >&5
configure:3598: $? = 0
configure:3598: result: yes
configure:3598: checking for stdlib.h
configure:3598: /emsdk/upstream/emscripten/emcc -c -g -O2  conftest.c >&5
configure:3598: $? = 0
configure:3598: result: yes
configure:3598: checking for string.h
configure:3598: /emsdk/upstream/emscripten/emcc -c -g -O2  conftest.c >&5
configure:3598: $? = 0
configure:3598: result: yes
configure:3598: checking for inttypes.h
configure:3598: /emsdk/upstream/emscripten/emcc -c -g -O2  conftest.c >&5
configure:3598: $? = 0
configure:3598: result: yes
configure:3598: checking for stdint.h
configure:3598: /emsdk/upstream/emscripten/emcc -c -g -O2  conftest.c >&5
configure:3598: $? = 0
configure:3598: result: yes
configure:3598: checking for strings.h
configure:3598: /emsdk/upstream/emscripten/emcc -c -g -O2  conftest.c >&5
configure:3598: $? = 0
configure:3598: result: yes
configure:3598: checking for sys/stat.h
configure:3598: /emsdk/upstream/emscripten/emcc -c -g -O2  conftest.c >&5
configure:3598: $? = 0
configure:3598: result: yes
configure:3598: checking for sys/types.h
configure:3598: /emsdk/upstream/emscripten/emcc -c -g -O2  conftest.c >&5
configure:3598: $? = 0
configure:3598: result: yes
configure:3598: checking for unistd.h
configure:3598: /emsdk/upstream/emscripten/emcc -c -g -O2  conftest.c >&5
configure:3598: $? = 0
configure:3598: result: yes
configure:3598: checking for dirent.h
configure:3598: /emsdk/upstream/emscripten/emcc -c -g -O2  conftest.c >&5
configure:3598: $? = 0
configure:3598: result: yes
configure:3598: checking for fcntl.h
configure:3598: /emsdk/upstream/emscripten/emcc -c -g -O2  conftest.c >&5
configure:3598: $? = 0
configure:3598: result: yes
configure:3598: checking for netdb.h
configure:3598: /emsdk/upstream/emscripten/emcc -c -g -O2  conftest.c >&5
configure:3598: $? = 0
configure:3598: result: yes
configure:3598: checking for netinet/in.h
configure:3598: /emsdk/upstream/emscripten/emcc -c -g -O2  conftest.c >&5
configure:3598: $? = 0
configure:3598: result: yes
configure:3598: checking for netinet/tcp.h
configure:3598: /emsdk/upstream/emscripten/emcc -c -g -O2  conftest.c >&5
configure:3598: $? = 0
configure:3598: result: yes
configure:3598: checking for signal.h
configure:3598: /emsdk/upstream/emscripten/emcc -c -g -O2  conftest.c >&5
configure:3598: $? = 0
configure:3598: result: yes
configure:3598: checking for sys/param.h
configure:3598: /emsdk/upstream/emscripten/emcc -c -g -O2  conftest.c >&5
configure:3598: $? = 0
configure:3598: result: yes
configure:3598: checking for sys/socket.h
configure:3598: /emsdk/upstream/emscripten/emcc -c -g -O2  conftest.c >&5
configure:3598: $? = 0
configure:3598: result: yes
configure:3598: checking for sys/time.h
configure:3598: /emsdk/upstream/emscripten/emcc -c -g -O2  conftest.c >&5
configure:3598: $? = 0
configure:3598: result: yes
configure:3598: checking for sys/wait.h
configure:3598: /emsdk/upstream/emscripten/emcc -c -g -O2  conftest.c >&5
configure:3598: $? = 0
configure:3598: result: yes
configure:3598: checking for time.h
configure:3598: /emsdk/upstream/emscripten/emcc -c -g -O2  conftest.c >&5
configure:3598: $? = 0
configure:3598: result: yes
configure:3598: checking for vfork.h
configure:3598: /emsdk/upstream/emscripten/emcc -c -g -O2  conftest.c >&5
conftest.c:57:10: fatal error: 'vfork.h' file not found
#include <vfork.h>
         ^~~~~~~~~
1 error generated.
emcc: error: '/emsdk/upstream/bin/clang -target wasm32-unknown-emscripten -fignore-exceptions -fvisibility=default -mllvm -combiner-global-alias-analysis=false -mllvm -enable-emscripten-sjlj -mllvm -disable-lsr -DEMSCRIPTEN -Werror=implicit-function-declaration -I/emsdk/upstream/emscripten/cache/sysroot/include/SDL --sysroot=/emsdk/upstream/emscripten/cache/sysroot -Xclang -iwithsysroot/include/compat -c -g3 -O2 conftest.c -o conftest.o' failed (returned 1)
configure:3598: $? = 1
configure: failed program was:
| /* confdefs.h */
| #define PACKAGE_NAME "io"
| #define PACKAGE_TARNAME "io"
| #define PACKAGE_VERSION "package"
| #define PACKAGE_STRING "io package"
| #define PACKAGE_BUGREPORT "https://github.com/gap-packages/io/issues"
| #define PACKAGE_URL "https://gap-packages.github.io/io/"
| #define HAVE_STDIO_H 1
| #define HAVE_STDLIB_H 1
| #define HAVE_STRING_H 1
| #define HAVE_INTTYPES_H 1
| #define HAVE_STDINT_H 1
| #define HAVE_STRINGS_H 1
| #define HAVE_SYS_STAT_H 1
| #define HAVE_SYS_TYPES_H 1
| #define HAVE_UNISTD_H 1
| #define HAVE_DIRENT_H 1
| #define HAVE_FCNTL_H 1
| #define HAVE_NETDB_H 1
| #define HAVE_NETINET_IN_H 1
| #define HAVE_NETINET_TCP_H 1
| #define HAVE_SIGNAL_H 1
| #define HAVE_SYS_PARAM_H 1
| #define HAVE_SYS_SOCKET_H 1
| #define HAVE_SYS_TIME_H 1
| #define HAVE_SYS_WAIT_H 1
| #define HAVE_TIME_H 1
| /* end confdefs.h.  */
| #include <stddef.h>
| #ifdef HAVE_STDIO_H
| # include <stdio.h>
| #endif
| #ifdef HAVE_STDLIB_H
| # include <stdlib.h>
| #endif
| #ifdef HAVE_STRING_H
| # include <string.h>
| #endif
| #ifdef HAVE_INTTYPES_H
| # include <inttypes.h>
| #endif
| #ifdef HAVE_STDINT_H
| # include <stdint.h>
| #endif
| #ifdef HAVE_STRINGS_H
| # include <strings.h>
| #endif
| #ifdef HAVE_SYS_TYPES_H
| # include <sys/types.h>
| #endif
| #ifdef HAVE_SYS_STAT_H
| # include <sys/stat.h>
| #endif
| #ifdef HAVE_UNISTD_H
| # include <unistd.h>
| #endif
| #include <vfork.h>
configure:3598: result: no
configure:3638: checking for pid_t
configure:3638: /emsdk/upstream/emscripten/emcc -c -g -O2  conftest.c >&5
configure:3638: $? = 0
configure:3638: /emsdk/upstream/emscripten/emcc -c -g -O2  conftest.c >&5
conftest.c:62:20: error: expected expression
if (sizeof ((pid_t)))
                   ^
1 error generated.
emcc: error: '/emsdk/upstream/bin/clang -target wasm32-unknown-emscripten -fignore-exceptions -fvisibility=default -mllvm -combiner-global-alias-analysis=false -mllvm -enable-emscripten-sjlj -mllvm -disable-lsr -DEMSCRIPTEN -Werror=implicit-function-declaration -I/emsdk/upstream/emscripten/cache/sysroot/include/SDL --sysroot=/emsdk/upstream/emscripten/cache/sysroot -Xclang -iwithsysroot/include/compat -c -g3 -O2 conftest.c -o conftest.o' failed (returned 1)
configure:3638: $? = 1
configure: failed program was:
| /* confdefs.h */
| #define PACKAGE_NAME "io"
| #define PACKAGE_TARNAME "io"
| #define PACKAGE_VERSION "package"
| #define PACKAGE_STRING "io package"
| #define PACKAGE_BUGREPORT "https://github.com/gap-packages/io/issues"
| #define PACKAGE_URL "https://gap-packages.github.io/io/"
| #define HAVE_STDIO_H 1
| #define HAVE_STDLIB_H 1
| #define HAVE_STRING_H 1
| #define HAVE_INTTYPES_H 1
| #define HAVE_STDINT_H 1
| #define HAVE_STRINGS_H 1
| #define HAVE_SYS_STAT_H 1
| #define HAVE_SYS_TYPES_H 1
| #define HAVE_UNISTD_H 1
| #define HAVE_DIRENT_H 1
| #define HAVE_FCNTL_H 1
| #define HAVE_NETDB_H 1
| #define HAVE_NETINET_IN_H 1
| #define HAVE_NETINET_TCP_H 1
| #define HAVE_SIGNAL_H 1
| #define HAVE_SYS_PARAM_H 1
| #define HAVE_SYS_SOCKET_H 1
| #define HAVE_SYS_TIME_H 1
| #define HAVE_SYS_WAIT_H 1
| #define HAVE_TIME_H 1
| #define STDC_HEADERS 1
| /* end confdefs.h.  */
| #include <stddef.h>
| #ifdef HAVE_STDIO_H
| # include <stdio.h>
| #endif
| #ifdef HAVE_STDLIB_H
| # include <stdlib.h>
| #endif
| #ifdef HAVE_STRING_H
| # include <string.h>
| #endif
| #ifdef HAVE_INTTYPES_H
| # include <inttypes.h>
| #endif
| #ifdef HAVE_STDINT_H
| # include <stdint.h>
| #endif
| #ifdef HAVE_STRINGS_H
| # include <strings.h>
| #endif
| #ifdef HAVE_SYS_TYPES_H
| # include <sys/types.h>
| #endif
| #ifdef HAVE_SYS_STAT_H
| # include <sys/stat.h>
| #endif
| #ifdef HAVE_UNISTD_H
| # include <unistd.h>
| #endif
| 
| int
| main (void)
| {
| if (sizeof ((pid_t)))
| 	    return 0;
|   ;
|   return 0;
| }
configure:3638: result: yes
configure:3681: checking for fork
configure:3681: /emsdk/upstream/emscripten/emcc -o conftest -g -O2   conftest.c  >&5
emcc: warning: running limited binaryen optimizations because DWARF info requested (or indirectly required) [-Wlimited-postlink-optimizations]
configure:3681: $? = 0
configure:3681: result: yes
configure:3681: checking for vfork
configure:3681: /emsdk/upstream/emscripten/emcc -o conftest -g -O2   conftest.c  >&5
conftest.c:47:6: warning: incompatible redeclaration of library function 'vfork' [-Wincompatible-library-redeclaration]
char vfork (void);
     ^
conftest.c:47:6: note: 'vfork' is a builtin with type 'int (void)'
1 warning generated.
emcc: warning: running limited binaryen optimizations because DWARF info requested (or indirectly required) [-Wlimited-postlink-optimizations]
configure:3681: $? = 0
configure:3681: result: yes
configure:3681: checking for accept
configure:3681: /emsdk/upstream/emscripten/emcc -o conftest -g -O2   conftest.c  >&5
wasm-ld: warning: function signature mismatch: accept
>>> defined as () -> i32 in /tmp/emscripten_temp_014v1tyo/conftest_0.o
>>> defined as (i32, i32, i32) -> i32 in /emsdk/upstream/emscripten/cache/sysroot/lib/wasm32-emscripten/libsockets.a(accept.o)
emcc: warning: running limited binaryen optimizations because DWARF info requested (or indirectly required) [-Wlimited-postlink-optimizations]
configure:3681: $? = 0
configure:3681: result: yes
configure:3681: checking for bind
configure:3681: /emsdk/upstream/emscripten/emcc -o conftest -g -O2   conftest.c  >&5
wasm-ld: warning: function signature mismatch: bind
>>> defined as () -> i32 in /tmp/emscripten_temp_ppsn07rc/conftest_0.o
>>> defined as (i32, i32, i32) -> i32 in /emsdk/upstream/emscripten/cache/sysroot/lib/wasm32-emscripten/libsockets.a(bind.o)
emcc: warning: running limited binaryen optimizations because DWARF info requested (or indirectly required) [-Wlimited-postlink-optimizations]
configure:3681: $? = 0
configure:3681: result: yes
configure:3681: checking for chmod
configure:3681: /emsdk/upstream/emscripten/emcc -o conftest -g -O2   conftest.c  >&5
wasm-ld: warning: function signature mismatch: chmod
>>> defined as () -> i32 in /tmp/emscripten_temp_hns_o75e/conftest_0.o
>>> defined as (i32, i32) -> i32 in /emsdk/upstream/emscripten/cache/sysroot/lib/wasm32-emscripten/libc.a(chmod.o)
emcc: warning: running limited binaryen optimizations because DWARF info requested (or indirectly required) [-Wlimited-postlink-optimizations]
configure:3681: $? = 0
configure:3681: result: yes
configure:3681: checking for chown
configure:3681: /emsdk/upstream/emscripten/emcc -o conftest -g -O2   conftest.c  >&5
wasm-ld: warning: function signature mismatch: chown
>>> defined as () -> i32 in /tmp/emscripten_temp_tuhyxs8i/conftest_0.o
>>> defined as (i32, i32, i32) -> i32 in /emsdk/upstream/emscripten/cache/sysroot/lib/wasm32-emscripten/libc.a(chown.o)
emcc: warning: running limited binaryen optimizations because DWARF info requested (or indirectly required) [-Wlimited-postlink-optimizations]
configure:3681: $? = 0
configure:3681: result: yes
configure:3681: checking for closedir
configure:3681: /emsdk/upstream/emscripten/emcc -o conftest -g -O2   conftest.c  >&5
wasm-ld: warning: function signature mismatch: closedir
>>> defined as () -> i32 in /tmp/emscripten_temp_3gc1guy4/conftest_0.o
>>> defined as (i32) -> i32 in /emsdk/upstream/emscripten/cache/sysroot/lib/wasm32-emscripten/libc.a(closedir.o)
emcc: warning: running limited binaryen optimizations because DWARF info requested (or indirectly required) [-Wlimited-postlink-optimizations]
configure:3681: $? = 0
configure:3681: result: yes
configure:3681: checking for connect
configure:3681: /emsdk/upstream/emscripten/emcc -o conftest -g -O2   conftest.c  >&5
wasm-ld: warning: function signature mismatch: connect
>>> defined as () -> i32 in /tmp/emscripten_temp_8dv5s6c8/conftest_0.o
>>> defined as (i32, i32, i32) -> i32 in /emsdk/upstream/emscripten/cache/sysroot/lib/wasm32-emscripten/libsockets.a(connect.o)
emcc: warning: running limited binaryen optimizations because DWARF info requested (or indirectly required) [-Wlimited-postlink-optimizations]
configure:3681: $? = 0
configure:3681: result: yes
configure:3681: checking for dup
configure:3681: /emsdk/upstream/emscripten/emcc -o conftest -g -O2   conftest.c  >&5
wasm-ld: warning: function signature mismatch: dup
>>> defined as () -> i32 in /tmp/emscripten_temp_fp6bpa02/conftest_0.o
>>> defined as (i32) -> i32 in /emsdk/upstream/emscripten/cache/sysroot/lib/wasm32-emscripten/libc.a(dup.o)
emcc: warning: running limited binaryen optimizations because DWARF info requested (or indirectly required) [-Wlimited-postlink-optimizations]
configure:3681: $? = 0
configure:3681: result: yes
configure:3681: checking for dup2
configure:3681: /emsdk/upstream/emscripten/emcc -o conftest -g -O2   conftest.c  >&5
wasm-ld: warning: function signature mismatch: dup2
>>> defined as () -> i32 in /tmp/emscripten_temp_e2hw8q37/conftest_0.o
>>> defined as (i32, i32) -> i32 in /emsdk/upstream/emscripten/cache/sysroot/lib/wasm32-emscripten/libc.a(dup2.o)
emcc: warning: running limited binaryen optimizations because DWARF info requested (or indirectly required) [-Wlimited-postlink-optimizations]
configure:3681: $? = 0
configure:3681: result: yes
configure:3681: checking for fchmod
configure:3681: /emsdk/upstream/emscripten/emcc -o conftest -g -O2   conftest.c  >&5
wasm-ld: warning: function signature mismatch: fchmod
>>> defined as () -> i32 in /tmp/emscripten_temp_uks51c9o/conftest_0.o
>>> defined as (i32, i32) -> i32 in /emsdk/upstream/emscripten/cache/sysroot/lib/wasm32-emscripten/libc.a(fchmod.o)
emcc: warning: running limited binaryen optimizations because DWARF info requested (or indirectly required) [-Wlimited-postlink-optimizations]
configure:3681: $? = 0
configure:3681: result: yes
configure:3681: checking for fchown
configure:3681: /emsdk/upstream/emscripten/emcc -o conftest -g -O2   conftest.c  >&5
wasm-ld: warning: function signature mismatch: fchown
>>> defined as () -> i32 in /tmp/emscripten_temp_3y2izun5/conftest_0.o
>>> defined as (i32, i32, i32) -> i32 in /emsdk/upstream/emscripten/cache/sysroot/lib/wasm32-emscripten/libc.a(fchown.o)
emcc: warning: running limited binaryen optimizations because DWARF info requested (or indirectly required) [-Wlimited-postlink-optimizations]
configure:3681: $? = 0
configure:3681: result: yes
configure:3681: checking for fstat
configure:3681: /emsdk/upstream/emscripten/emcc -o conftest -g -O2   conftest.c  >&5
wasm-ld: warning: function signature mismatch: fstat
>>> defined as () -> i32 in /tmp/emscripten_temp_7xjcmpkd/conftest_0.o
>>> defined as (i32, i32) -> i32 in /emsdk/upstream/emscripten/cache/sysroot/lib/wasm32-emscripten/libc.a(fstat.o)
emcc: warning: running limited binaryen optimizations because DWARF info requested (or indirectly required) [-Wlimited-postlink-optimizations]
configure:3681: $? = 0
configure:3681: result: yes
configure:3681: checking for gethostbyname
configure:3681: /emsdk/upstream/emscripten/emcc -o conftest -g -O2   conftest.c  >&5
emcc: warning: running limited binaryen optimizations because DWARF info requested (or indirectly required) [-Wlimited-postlink-optimizations]
configure:3681: $? = 0
configure:3681: result: yes
configure:3681: checking for gethostname
configure:3681: /emsdk/upstream/emscripten/emcc -o conftest -g -O2   conftest.c  >&5
wasm-ld: warning: function signature mismatch: gethostname
>>> defined as () -> i32 in /tmp/emscripten_temp_v7248149/conftest_0.o
>>> defined as (i32, i32) -> i32 in /emsdk/upstream/emscripten/cache/sysroot/lib/wasm32-emscripten/libc.a(gethostname.o)
emcc: warning: running limited binaryen optimizations because DWARF info requested (or indirectly required) [-Wlimited-postlink-optimizations]
configure:3681: $? = 0
configure:3681: result: yes
configure:3681: checking for getpid
configure:3681: /emsdk/upstream/emscripten/emcc -o conftest -g -O2   conftest.c  >&5
emcc: warning: running limited binaryen optimizations because DWARF info requested (or indirectly required) [-Wlimited-postlink-optimizations]
configure:3681: $? = 0
configure:3681: result: yes
configure:3681: checking for getppid
configure:3681: /emsdk/upstream/emscripten/emcc -o conftest -g -O2   conftest.c  >&5
emcc: warning: running limited binaryen optimizations because DWARF info requested (or indirectly required) [-Wlimited-postlink-optimizations]
configure:3681: $? = 0
configure:3681: result: yes
configure:3681: checking for getprotobyname
configure:3681: /emsdk/upstream/emscripten/emcc -o conftest -g -O2   conftest.c  >&5
emcc: warning: running limited binaryen optimizations because DWARF info requested (or indirectly required) [-Wlimited-postlink-optimizations]
configure:3681: $? = 0
configure:3681: result: yes
configure:3681: checking for getsockname
configure:3681: /emsdk/upstream/emscripten/emcc -o conftest -g -O2   conftest.c  >&5
wasm-ld: warning: function signature mismatch: getsockname
>>> defined as () -> i32 in /tmp/emscripten_temp_m88u4rja/conftest_0.o
>>> defined as (i32, i32, i32) -> i32 in /emsdk/upstream/emscripten/cache/sysroot/lib/wasm32-emscripten/libsockets.a(getsockname.o)
emcc: warning: running limited binaryen optimizations because DWARF info requested (or indirectly required) [-Wlimited-postlink-optimizations]
configure:3681: $? = 0
configure:3681: result: yes
configure:3681: checking for getsockopt
configure:3681: /emsdk/upstream/emscripten/emcc -o conftest -g -O2   conftest.c  >&5
wasm-ld: warning: function signature mismatch: getsockopt
>>> defined as () -> i32 in /tmp/emscripten_temp_si8i6_rt/conftest_0.o
>>> defined as (i32, i32, i32, i32, i32) -> i32 in /emsdk/upstream/emscripten/cache/sysroot/lib/wasm32-emscripten/libsockets.a(getsockopt.o)
emcc: warning: running limited binaryen optimizations because DWARF info requested (or indirectly required) [-Wlimited-postlink-optimizations]
configure:3681: $? = 0
configure:3681: result: yes
configure:3681: checking for gettimeofday
configure:3681: /emsdk/upstream/emscripten/emcc -o conftest -g -O2   conftest.c  >&5
wasm-ld: warning: function signature mismatch: gettimeofday
>>> defined as () -> i32 in /tmp/emscripten_temp_fg107kwu/conftest_0.o
>>> defined as (i32, i32) -> i32 in /emsdk/upstream/emscripten/cache/sysroot/lib/wasm32-emscripten/libc.a(emscripten_time.o)
emcc: warning: running limited binaryen optimizations because DWARF info requested (or indirectly required) [-Wlimited-postlink-optimizations]
configure:3681: $? = 0
configure:3681: result: yes
configure:3681: checking for gmtime
configure:3681: /emsdk/upstream/emscripten/emcc -o conftest -g -O2   conftest.c  >&5
wasm-ld: warning: function signature mismatch: gmtime
>>> defined as () -> i32 in /tmp/emscripten_temp_0yc3te7v/conftest_0.o
>>> defined as (i32) -> i32 in /emsdk/upstream/emscripten/cache/sysroot/lib/wasm32-emscripten/libc.a(gmtime.o)
emcc: warning: running limited binaryen optimizations because DWARF info requested (or indirectly required) [-Wlimited-postlink-optimizations]
configure:3681: $? = 0
configure:3681: result: yes
configure:3681: checking for kill
configure:3681: /emsdk/upstream/emscripten/emcc -o conftest -g -O2   conftest.c  >&5
wasm-ld: warning: function signature mismatch: kill
>>> defined as () -> i32 in /tmp/emscripten_temp_mankw4y0/conftest_0.o
>>> defined as (i32, i32) -> i32 in /emsdk/upstream/emscripten/cache/sysroot/lib/wasm32-emscripten/libc.a(kill.o)
emcc: warning: running limited binaryen optimizations because DWARF info requested (or indirectly required) [-Wlimited-postlink-optimizations]
configure:3681: $? = 0
configure:3681: result: yes
configure:3681: checking for lchown
configure:3681: /emsdk/upstream/emscripten/emcc -o conftest -g -O2   conftest.c  >&5
wasm-ld: warning: function signature mismatch: lchown
>>> defined as () -> i32 in /tmp/emscripten_temp_ybexhmlv/conftest_0.o
>>> defined as (i32, i32, i32) -> i32 in /emsdk/upstream/emscripten/cache/sysroot/lib/wasm32-emscripten/libc.a(lchown.o)
emcc: warning: running limited binaryen optimizations because DWARF info requested (or indirectly required) [-Wlimited-postlink-optimizations]
configure:3681: $? = 0
configure:3681: result: yes
configure:3681: checking for link
configure:3681: /emsdk/upstream/emscripten/emcc -o conftest -g -O2   conftest.c  >&5
wasm-ld: warning: function signature mismatch: link
>>> defined as () -> i32 in /tmp/emscripten_temp_vgau5qfh/conftest_0.o
>>> defined as (i32, i32) -> i32 in /emsdk/upstream/emscripten/cache/sysroot/lib/wasm32-emscripten/libc.a(link.o)
emcc: warning: running limited binaryen optimizations because DWARF info requested (or indirectly required) [-Wlimited-postlink-optimizations]
configure:3681: $? = 0
configure:3681: result: yes
configure:3681: checking for listen
configure:3681: /emsdk/upstream/emscripten/emcc -o conftest -g -O2   conftest.c  >&5
wasm-ld: warning: function signature mismatch: listen
>>> defined as () -> i32 in /tmp/emscripten_temp_h42uft8i/conftest_0.o
>>> defined as (i32, i32) -> i32 in /emsdk/upstream/emscripten/cache/sysroot/lib/wasm32-emscripten/libsockets.a(listen.o)
emcc: warning: running limited binaryen optimizations because DWARF info requested (or indirectly required) [-Wlimited-postlink-optimizations]
configure:3681: $? = 0
configure:3681: result: yes
configure:3681: checking for localtime
configure:3681: /emsdk/upstream/emscripten/emcc -o conftest -g -O2   conftest.c  >&5
wasm-ld: warning: function signature mismatch: localtime
>>> defined as () -> i32 in /tmp/emscripten_temp_yn95v9w3/conftest_0.o
>>> defined as (i32) -> i32 in /emsdk/upstream/emscripten/cache/sysroot/lib/wasm32-emscripten/libc.a(localtime.o)
emcc: warning: running limited binaryen optimizations because DWARF info requested (or indirectly required) [-Wlimited-postlink-optimizations]
configure:3681: $? = 0
configure:3681: result: yes
configure:3681: checking for lstat
configure:3681: /emsdk/upstream/emscripten/emcc -o conftest -g -O2   conftest.c  >&5
wasm-ld: warning: function signature mismatch: lstat
>>> defined as () -> i32 in /tmp/emscripten_temp__02u4kus/conftest_0.o
>>> defined as (i32, i32) -> i32 in /emsdk/upstream/emscripten/cache/sysroot/lib/wasm32-emscripten/libc.a(lstat.o)
emcc: warning: running limited binaryen optimizations because DWARF info requested (or indirectly required) [-Wlimited-postlink-optimizations]
configure:3681: $? = 0
configure:3681: result: yes
configure:3681: checking for memset
configure:3681: /emsdk/upstream/emscripten/emcc -o conftest -g -O2   conftest.c  >&5
conftest.c:74:6: warning: incompatible redeclaration of library function 'memset' [-Wincompatible-library-redeclaration]
char memset (void);
     ^
conftest.c:74:6: note: 'memset' is a builtin with type 'void *(void *, int, unsigned long)'
1 warning generated.
wasm-ld: warning: function signature mismatch: memset
>>> defined as () -> i32 in /tmp/emscripten_temp_frc8jgkx/conftest_0.o
>>> defined as (i32, i32, i32) -> i32 in /emsdk/upstream/emscripten/cache/sysroot/lib/wasm32-emscripten/libc.a(emscripten_memset.o)
emcc: warning: running limited binaryen optimizations because DWARF info requested (or indirectly required) [-Wlimited-postlink-optimizations]
configure:3681: $? = 0
configure:3681: result: yes
configure:3681: checking for mkdir
configure:3681: /emsdk/upstream/emscripten/emcc -o conftest -g -O2   conftest.c  >&5
wasm-ld: warning: function signature mismatch: mkdir
>>> defined as () -> i32 in /tmp/emscripten_temp_n4nh8dwc/conftest_0.o
>>> defined as (i32, i32) -> i32 in /emsdk/upstream/emscripten/cache/sysroot/lib/wasm32-emscripten/libc.a(mkdir.o)
emcc: warning: running limited binaryen optimizations because DWARF info requested (or indirectly required) [-Wlimited-postlink-optimizations]
configure:3681: $? = 0
configure:3681: result: yes
configure:3681: checking for mkdtemp
configure:3681: /emsdk/upstream/emscripten/emcc -o conftest -g -O2   conftest.c  >&5
wasm-ld: warning: function signature mismatch: mkdtemp
>>> defined as () -> i32 in /tmp/emscripten_temp__abr72vf/conftest_0.o
>>> defined as (i32) -> i32 in /emsdk/upstream/emscripten/cache/sysroot/lib/wasm32-emscripten/libc.a(mkdtemp.o)
emcc: warning: running limited binaryen optimizations because DWARF info requested (or indirectly required) [-Wlimited-postlink-optimizations]
configure:3681: $? = 0
configure:3681: result: yes
configure:3681: checking for mkfifo
configure:3681: /emsdk/upstream/emscripten/emcc -o conftest -g -O2   conftest.c  >&5
wasm-ld: warning: function signature mismatch: mkfifo
>>> defined as () -> i32 in /tmp/emscripten_temp_a65iurx5/conftest_0.o
>>> defined as (i32, i32) -> i32 in /emsdk/upstream/emscripten/cache/sysroot/lib/wasm32-emscripten/libc.a(mkfifo.o)
emcc: warning: running limited binaryen optimizations because DWARF info requested (or indirectly required) [-Wlimited-postlink-optimizations]
configure:3681: $? = 0
configure:3681: result: yes
configure:3681: checking for mknod
configure:3681: /emsdk/upstream/emscripten/emcc -o conftest -g -O2   conftest.c  >&5
wasm-ld: warning: function signature mismatch: mknod
>>> defined as () -> i32 in /tmp/emscripten_temp_8xfo0afj/conftest_0.o
>>> defined as (i32, i32, i32) -> i32 in /emsdk/upstream/emscripten/cache/sysroot/lib/wasm32-emscripten/libc.a(mknod.o)
emcc: warning: running limited binaryen optimizations because DWARF info requested (or indirectly required) [-Wlimited-postlink-optimizations]
configure:3681: $? = 0
configure:3681: result: yes
configure:3681: checking for mkstemp
configure:3681: /emsdk/upstream/emscripten/emcc -o conftest -g -O2   conftest.c  >&5
wasm-ld: warning: function signature mismatch: mkstemp
>>> defined as () -> i32 in /tmp/emscripten_temp_2dsilcoz/conftest_0.o
>>> defined as (i32) -> i32 in /emsdk/upstream/emscripten/cache/sysroot/lib/wasm32-emscripten/libc.a(mkstemp.o)
emcc: warning: running limited binaryen optimizations because DWARF info requested (or indirectly required) [-Wlimited-postlink-optimizations]
configure:3681: $? = 0
configure:3681: result: yes
configure:3681: checking for opendir
configure:3681: /emsdk/upstream/emscripten/emcc -o conftest -g -O2   conftest.c  >&5
wasm-ld: warning: function signature mismatch: opendir
>>> defined as () -> i32 in /tmp/emscripten_temp_l9hx0gmt/conftest_0.o
>>> defined as (i32) -> i32 in /emsdk/upstream/emscripten/cache/sysroot/lib/wasm32-emscripten/libc.a(opendir.o)
emcc: warning: running limited binaryen optimizations because DWARF info requested (or indirectly required) [-Wlimited-postlink-optimizations]
configure:3681: $? = 0
configure:3681: result: yes
configure:3681: checking for readdir
configure:3681: /emsdk/upstream/emscripten/emcc -o conftest -g -O2   conftest.c  >&5
wasm-ld: warning: function signature mismatch: readdir
>>> defined as () -> i32 in /tmp/emscripten_temp_l2n0a9ge/conftest_0.o
>>> defined as (i32) -> i32 in /emsdk/upstream/emscripten/cache/sysroot/lib/wasm32-emscripten/libc.a(readdir.o)
emcc: warning: running limited binaryen optimizations because DWARF info requested (or indirectly required) [-Wlimited-postlink-optimizations]
configure:3681: $? = 0
configure:3681: result: yes
configure:3681: checking for readlink
configure:3681: /emsdk/upstream/emscripten/emcc -o conftest -g -O2   conftest.c  >&5
wasm-ld: warning: function signature mismatch: readlink
>>> defined as () -> i32 in /tmp/emscripten_temp_arq9nr_1/conftest_0.o
>>> defined as (i32, i32, i32) -> i32 in /emsdk/upstream/emscripten/cache/sysroot/lib/wasm32-emscripten/libc.a(readlink.o)
emcc: warning: running limited binaryen optimizations because DWARF info requested (or indirectly required) [-Wlimited-postlink-optimizations]
configure:3681: $? = 0
configure:3681: result: yes
configure:3681: checking for recv
configure:3681: /emsdk/upstream/emscripten/emcc -o conftest -g -O2   conftest.c  >&5
wasm-ld: warning: function signature mismatch: recv
>>> defined as () -> i32 in /tmp/emscripten_temp__rcpwg4s/conftest_0.o
>>> defined as (i32, i32, i32, i32) -> i32 in /emsdk/upstream/emscripten/cache/sysroot/lib/wasm32-emscripten/libsockets.a(recv.o)
emcc: warning: running limited binaryen optimizations because DWARF info requested (or indirectly required) [-Wlimited-postlink-optimizations]
configure:3681: $? = 0
configure:3681: result: yes
configure:3681: checking for recvfrom
configure:3681: /emsdk/upstream/emscripten/emcc -o conftest -g -O2   conftest.c  >&5
wasm-ld: warning: function signature mismatch: recvfrom
>>> defined as () -> i32 in /tmp/emscripten_temp_ywe8uyop/conftest_0.o
>>> defined as (i32, i32, i32, i32, i32, i32) -> i32 in /emsdk/upstream/emscripten/cache/sysroot/lib/wasm32-emscripten/libsockets.a(recvfrom.o)
emcc: warning: running limited binaryen optimizations because DWARF info requested (or indirectly required) [-Wlimited-postlink-optimizations]
configure:3681: $? = 0
configure:3681: result: yes
configure:3681: checking for rename
configure:3681: /emsdk/upstream/emscripten/emcc -o conftest -g -O2   conftest.c  >&5
wasm-ld: warning: function signature mismatch: rename
>>> defined as () -> i32 in /tmp/emscripten_temp_6sjdxkfp/conftest_0.o
>>> defined as (i32, i32) -> i32 in /emsdk/upstream/emscripten/cache/sysroot/lib/wasm32-emscripten/libc.a(rename.o)
emcc: warning: running limited binaryen optimizations because DWARF info requested (or indirectly required) [-Wlimited-postlink-optimizations]
configure:3681: $? = 0
configure:3681: result: yes
configure:3681: checking for rewinddir
configure:3681: /emsdk/upstream/emscripten/emcc -o conftest -g -O2   conftest.c  >&5
wasm-ld: warning: function signature mismatch: rewinddir
>>> defined as () -> i32 in /tmp/emscripten_temp_9jmw1u52/conftest_0.o
>>> defined as (i32) -> void in /emsdk/upstream/emscripten/cache/sysroot/lib/wasm32-emscripten/libc.a(rewinddir.o)
emcc: warning: running limited binaryen optimizations because DWARF info requested (or indirectly required) [-Wlimited-postlink-optimizations]
configure:3681: $? = 0
configure:3681: result: yes
configure:3681: checking for rmdir
configure:3681: /emsdk/upstream/emscripten/emcc -o conftest -g -O2   conftest.c  >&5
wasm-ld: warning: function signature mismatch: rmdir
>>> defined as () -> i32 in /tmp/emscripten_temp_axk0f0xj/conftest_0.o
>>> defined as (i32) -> i32 in /emsdk/upstream/emscripten/cache/sysroot/lib/wasm32-emscripten/libc.a(rmdir.o)
emcc: warning: running limited binaryen optimizations because DWARF info requested (or indirectly required) [-Wlimited-postlink-optimizations]
configure:3681: $? = 0
configure:3681: result: yes
configure:3681: checking for seekdir
configure:3681: /emsdk/upstream/emscripten/emcc -o conftest -g -O2   conftest.c  >&5
wasm-ld: warning: function signature mismatch: seekdir
>>> defined as () -> i32 in /tmp/emscripten_temp_4uuiumsm/conftest_0.o
>>> defined as (i32, i32) -> void in /emsdk/upstream/emscripten/cache/sysroot/lib/wasm32-emscripten/libc.a(seekdir.o)
emcc: warning: running limited binaryen optimizations because DWARF info requested (or indirectly required) [-Wlimited-postlink-optimizations]
configure:3681: $? = 0
configure:3681: result: yes
configure:3681: checking for select
configure:3681: /emsdk/upstream/emscripten/emcc -o conftest -g -O2   conftest.c  >&5
wasm-ld: warning: function signature mismatch: select
>>> defined as () -> i32 in /tmp/emscripten_temp_tpk_cgkt/conftest_0.o
>>> defined as (i32, i32, i32, i32, i32) -> i32 in /emsdk/upstream/emscripten/cache/sysroot/lib/wasm32-emscripten/libc.a(select.o)
emcc: warning: running limited binaryen optimizations because DWARF info requested (or indirectly required) [-Wlimited-postlink-optimizations]
configure:3681: $? = 0
configure:3681: result: yes
configure:3681: checking for send
configure:3681: /emsdk/upstream/emscripten/emcc -o conftest -g -O2   conftest.c  >&5
wasm-ld: warning: function signature mismatch: send
>>> defined as () -> i32 in /tmp/emscripten_temp_rrwn8kfm/conftest_0.o
>>> defined as (i32, i32, i32, i32) -> i32 in /emsdk/upstream/emscripten/cache/sysroot/lib/wasm32-emscripten/libsockets.a(send.o)
emcc: warning: running limited binaryen optimizations because DWARF info requested (or indirectly required) [-Wlimited-postlink-optimizations]
configure:3681: $? = 0
configure:3681: result: yes
configure:3681: checking for sendto
configure:3681: /emsdk/upstream/emscripten/emcc -o conftest -g -O2   conftest.c  >&5
wasm-ld: warning: function signature mismatch: sendto
>>> defined as () -> i32 in /tmp/emscripten_temp_4ekq2egs/conftest_0.o
>>> defined as (i32, i32, i32, i32, i32, i32) -> i32 in /emsdk/upstream/emscripten/cache/sysroot/lib/wasm32-emscripten/libsockets.a(sendto.o)
emcc: warning: running limited binaryen optimizations because DWARF info requested (or indirectly required) [-Wlimited-postlink-optimizations]
configure:3681: $? = 0
configure:3681: result: yes
configure:3681: checking for setsockopt
configure:3681: /emsdk/upstream/emscripten/emcc -o conftest -g -O2   conftest.c  >&5
wasm-ld: warning: function signature mismatch: setsockopt
>>> defined as () -> i32 in /tmp/emscripten_temp_3pxm99e0/conftest_0.o
>>> defined as (i32, i32, i32, i32, i32) -> i32 in /emsdk/upstream/emscripten/cache/sysroot/lib/wasm32-emscripten/libsockets.a(setsockopt.o)
emcc: warning: running limited binaryen optimizations because DWARF info requested (or indirectly required) [-Wlimited-postlink-optimizations]
configure:3681: $? = 0
configure:3681: result: yes
configure:3681: checking for sigaction
configure:3681: /emsdk/upstream/emscripten/emcc -o conftest -g -O2   conftest.c  >&5
wasm-ld: warning: function signature mismatch: sigaction
>>> defined as () -> i32 in /tmp/emscripten_temp_jjr5u5_o/conftest_0.o
>>> defined as (i32, i32, i32) -> i32 in /emsdk/upstream/emscripten/cache/sysroot/lib/wasm32-emscripten/libc.a(sigaction.o)
emcc: warning: running limited binaryen optimizations because DWARF info requested (or indirectly required) [-Wlimited-postlink-optimizations]
configure:3681: $? = 0
configure:3681: result: yes
configure:3681: checking for signal
configure:3681: /emsdk/upstream/emscripten/emcc -o conftest -g -O2   conftest.c  >&5
wasm-ld: warning: function signature mismatch: signal
>>> defined as () -> i32 in /tmp/emscripten_temp_p6sp9b7o/conftest_0.o
>>> defined as (i32, i32) -> i32 in /emsdk/upstream/emscripten/cache/sysroot/lib/wasm32-emscripten/libc.a(signal.o)
emcc: warning: running limited binaryen optimizations because DWARF info requested (or indirectly required) [-Wlimited-postlink-optimizations]
configure:3681: $? = 0
configure:3681: result: yes
configure:3681: checking for socket
configure:3681: /emsdk/upstream/emscripten/emcc -o conftest -g -O2   conftest.c  >&5
wasm-ld: warning: function signature mismatch: socket
>>> defined as () -> i32 in /tmp/emscripten_temp_ruwdlpcv/conftest_0.o
>>> defined as (i32, i32, i32) -> i32 in /emsdk/upstream/emscripten/cache/sysroot/lib/wasm32-emscripten/libsockets.a(socket.o)
emcc: warning: running limited binaryen optimizations because DWARF info requested (or indirectly required) [-Wlimited-postlink-optimizations]
configure:3681: $? = 0
configure:3681: result: yes
configure:3681: checking for stat
configure:3681: /emsdk/upstream/emscripten/emcc -o conftest -g -O2   conftest.c  >&5
wasm-ld: warning: function signature mismatch: stat
>>> defined as () -> i32 in /tmp/emscripten_temp_xku9ie5t/conftest_0.o
>>> defined as (i32, i32) -> i32 in /emsdk/upstream/emscripten/cache/sysroot/lib/wasm32-emscripten/libc.a(stat.o)
emcc: warning: running limited binaryen optimizations because DWARF info requested (or indirectly required) [-Wlimited-postlink-optimizations]
configure:3681: $? = 0
configure:3681: result: yes
configure:3681: checking for symlink
configure:3681: /emsdk/upstream/emscripten/emcc -o conftest -g -O2   conftest.c  >&5
wasm-ld: warning: function signature mismatch: symlink
>>> defined as () -> i32 in /tmp/emscripten_temp_v1ww_gsr/conftest_0.o
>>> defined as (i32, i32) -> i32 in /emsdk/upstream/emscripten/cache/sysroot/lib/wasm32-emscripten/libc.a(symlink.o)
emcc: warning: running limited binaryen optimizations because DWARF info requested (or indirectly required) [-Wlimited-postlink-optimizations]
configure:3681: $? = 0
configure:3681: result: yes
configure:3681: checking for telldir
configure:3681: /emsdk/upstream/emscripten/emcc -o conftest -g -O2   conftest.c  >&5
wasm-ld: warning: function signature mismatch: telldir
>>> defined as () -> i32 in /tmp/emscripten_temp_v9f29zyk/conftest_0.o
>>> defined as (i32) -> i32 in /emsdk/upstream/emscripten/cache/sysroot/lib/wasm32-emscripten/libc.a(telldir.o)
emcc: warning: running limited binaryen optimizations because DWARF info requested (or indirectly required) [-Wlimited-postlink-optimizations]
configure:3681: $? = 0
configure:3681: result: yes
configure:3681: checking for unlink
configure:3681: /emsdk/upstream/emscripten/emcc -o conftest -g -O2   conftest.c  >&5
wasm-ld: warning: function signature mismatch: unlink
>>> defined as () -> i32 in /tmp/emscripten_temp_73rflb6g/conftest_0.o
>>> defined as (i32) -> i32 in /emsdk/upstream/emscripten/cache/sysroot/lib/wasm32-emscripten/libc.a(unlink.o)
emcc: warning: running limited binaryen optimizations because DWARF info requested (or indirectly required) [-Wlimited-postlink-optimizations]
configure:3681: $? = 0
configure:3681: result: yes
configure:3694: checking for working fork
configure:3718: /emsdk/upstream/emscripten/emcc -o conftest -g -O2   conftest.c  >&5
emcc: warning: running limited binaryen optimizations because DWARF info requested (or indirectly required) [-Wlimited-postlink-optimizations]
configure:3718: $? = 0
configure:3718: ./conftest
configure:3718: $? = 1
configure: program exited with status 1
configure: failed program was:
| /* confdefs.h */
| #define PACKAGE_NAME "io"
| #define PACKAGE_TARNAME "io"
| #define PACKAGE_VERSION "package"
| #define PACKAGE_STRING "io package"
| #define PACKAGE_BUGREPORT "https://github.com/gap-packages/io/issues"
| #define PACKAGE_URL "https://gap-packages.github.io/io/"
| #define HAVE_STDIO_H 1
| #define HAVE_STDLIB_H 1
| #define HAVE_STRING_H 1
| #define HAVE_INTTYPES_H 1
| #define HAVE_STDINT_H 1
| #define HAVE_STRINGS_H 1
| #define HAVE_SYS_STAT_H 1
| #define HAVE_SYS_TYPES_H 1
| #define HAVE_UNISTD_H 1
| #define HAVE_DIRENT_H 1
| #define HAVE_FCNTL_H 1
| #define HAVE_NETDB_H 1
| #define HAVE_NETINET_IN_H 1
| #define HAVE_NETINET_TCP_H 1
| #define HAVE_SIGNAL_H 1
| #define HAVE_SYS_PARAM_H 1
| #define HAVE_SYS_SOCKET_H 1
| #define HAVE_SYS_TIME_H 1
| #define HAVE_SYS_WAIT_H 1
| #define HAVE_TIME_H 1
| #define STDC_HEADERS 1
| #define HAVE_FORK 1
| #define HAVE_VFORK 1
| #define HAVE_ACCEPT 1
| #define HAVE_BIND 1
| #define HAVE_CHMOD 1
| #define HAVE_CHOWN 1
| #define HAVE_CLOSEDIR 1
| #define HAVE_CONNECT 1
| #define HAVE_DUP 1
| #define HAVE_DUP2 1
| #define HAVE_FCHMOD 1
| #define HAVE_FCHOWN 1
| #define HAVE_FSTAT 1
| #define HAVE_GETHOSTBYNAME 1
| #define HAVE_GETHOSTNAME 1
| #define HAVE_GETPID 1
| #define HAVE_GETPPID 1
| #define HAVE_GETPROTOBYNAME 1
| #define HAVE_GETSOCKNAME 1
| #define HAVE_GETSOCKOPT 1
| #define HAVE_GETTIMEOFDAY 1
| #define HAVE_GMTIME 1
| #define HAVE_KILL 1
| #define HAVE_LCHOWN 1
| #define HAVE_LINK 1
| #define HAVE_LISTEN 1
| #define HAVE_LOCALTIME 1
| #define HAVE_LSTAT 1
| #define HAVE_MEMSET 1
| #define HAVE_MKDIR 1
| #define HAVE_MKDTEMP 1
| #define HAVE_MKFIFO 1
| #define HAVE_MKNOD 1
| #define HAVE_MKSTEMP 1
| #define HAVE_OPENDIR 1
| #define HAVE_READDIR 1
| #define HAVE_READLINK 1
| #define HAVE_RECV 1
| #define HAVE_RECVFROM 1
| #define HAVE_RENAME 1
| #define HAVE_REWINDDIR 1
| #define HAVE_RMDIR 1
| #define HAVE_SEEKDIR 1
| #define HAVE_SELECT 1
| #define HAVE_SEND 1
| #define HAVE_SENDTO 1
| #define HAVE_SETSOCKOPT 1
| #define HAVE_SIGACTION 1
| #define HAVE_SIGNAL 1
| #define HAVE_SOCKET 1
| #define HAVE_STAT 1
| #define HAVE_SYMLINK 1
| #define HAVE_TELLDIR 1
| #define HAVE_UNLINK 1
| /* end confdefs.h.  */
| #include <stddef.h>
| #ifdef HAVE_STDIO_H
| # include <stdio.h>
| #endif
| #ifdef HAVE_STDLIB_H
| # include <stdlib.h>
| #endif
| #ifdef HAVE_STRING_H
| # include <string.h>
| #endif
| #ifdef HAVE_INTTYPES_H
| # include <inttypes.h>
| #endif
| #ifdef HAVE_STDINT_H
| # include <stdint.h>
| #endif
| #ifdef HAVE_STRINGS_H
| # include <strings.h>
| #endif
| #ifdef HAVE_SYS_TYPES_H
| # include <sys/types.h>
| #endif
| #ifdef HAVE_SYS_STAT_H
| # include <sys/stat.h>
| #endif
| #ifdef HAVE_UNISTD_H
| # include <unistd.h>
| #endif
| int
| main (void)
| {
| 
| 	  /* By R. Kuhlmann. */
| 	  return fork () < 0;
| 
|   ;
|   return 0;
| }
configure:3732: result: no
configure:3753: checking for working vfork
configure:3885: result: yes
configure:4072: creating ./config.status

## ---------------------- ##
## Running config.status. ##
## ---------------------- ##

This file was extended by io config.status package, which was
generated by GNU Autoconf 2.72.  Invocation command line was

  CONFIG_FILES    = 
  CONFIG_HEADERS  = 
  CONFIG_LINKS    = 
  CONFIG_COMMANDS = 
  $ ./config.status 

on df0b624bc9ed

config.status:860: creating Makefile
config.status:860: creating gen/pkgconfig.h

## ---------------- ##
## Cache variables. ##
## ---------------- ##

ac_cv_c_compiler_gnu=yes
ac_cv_env_CC_set=set
ac_cv_env_CC_value=/emsdk/upstream/emscripten/emcc
ac_cv_env_CFLAGS_set=
ac_cv_env_CFLAGS_value=
ac_cv_env_CPPFLAGS_set=
ac_cv_env_CPPFLAGS_value=
ac_cv_env_LDFLAGS_set=
ac_cv_env_LDFLAGS_value=
ac_cv_env_LIBS_set=
ac_cv_env_LIBS_value=
ac_cv_env_build_alias_set=
ac_cv_env_build_alias_value=
ac_cv_env_host_alias_set=
ac_cv_env_host_alias_value=
ac_cv_env_target_alias_set=
ac_cv_env_target_alias_value=
ac_cv_func_accept=yes
ac_cv_func_bind=yes
ac_cv_func_chmod=yes
ac_cv_func_chown=yes
ac_cv_func_closedir=yes
ac_cv_func_connect=yes
ac_cv_func_dup2=yes
ac_cv_func_dup=yes
ac_cv_func_fchmod=yes
ac_cv_func_fchown=yes
ac_cv_func_fork=yes
ac_cv_func_fork_works=no
ac_cv_func_fstat=yes
ac_cv_func_gethostbyname=yes
ac_cv_func_gethostname=yes
ac_cv_func_getpid=yes
ac_cv_func_getppid=yes
ac_cv_func_getprotobyname=yes
ac_cv_func_getsockname=yes
ac_cv_func_getsockopt=yes
ac_cv_func_gettimeofday=yes
ac_cv_func_gmtime=yes
ac_cv_func_kill=yes
ac_cv_func_lchown=yes
ac_cv_func_link=yes
ac_cv_func_listen=yes
ac_cv_func_localtime=yes
ac_cv_func_lstat=yes
ac_cv_func_memset=yes
ac_cv_func_mkdir=yes
ac_cv_func_mkdtemp=yes
ac_cv_func_mkfifo=yes
ac_cv_func_mknod=yes
ac_cv_func_mkstemp=yes
ac_cv_func_opendir=yes
ac_cv_func_readdir=yes
ac_cv_func_readlink=yes
ac_cv_func_recv=yes
ac_cv_func_recvfrom=yes
ac_cv_func_rename=yes
ac_cv_func_rewinddir=yes
ac_cv_func_rmdir=yes
ac_cv_func_seekdir=yes
ac_cv_func_select=yes
ac_cv_func_send=yes
ac_cv_func_sendto=yes
ac_cv_func_setsockopt=yes
ac_cv_func_sigaction=yes
ac_cv_func_signal=yes
ac_cv_func_socket=yes
ac_cv_func_stat=yes
ac_cv_func_symlink=yes
ac_cv_func_telldir=yes
ac_cv_func_unlink=yes
ac_cv_func_vfork=yes
ac_cv_func_vfork_works=yes
ac_cv_header_dirent_h=yes
ac_cv_header_fcntl_h=yes
ac_cv_header_inttypes_h=yes
ac_cv_header_netdb_h=yes
ac_cv_header_netinet_in_h=yes
ac_cv_header_netinet_tcp_h=yes
ac_cv_header_signal_h=yes
ac_cv_header_stdint_h=yes
ac_cv_header_stdio_h=yes
ac_cv_header_stdlib_h=yes
ac_cv_header_string_h=yes
ac_cv_header_strings_h=yes
ac_cv_header_sys_param_h=yes
ac_cv_header_sys_socket_h=yes
ac_cv_header_sys_stat_h=yes
ac_cv_header_sys_time_h=yes
ac_cv_header_sys_types_h=yes
ac_cv_header_sys_wait_h=yes
ac_cv_header_time_h=yes
ac_cv_header_unistd_h=yes
ac_cv_header_vfork_h=no
ac_cv_objext=o
ac_cv_prog_ac_ct_CC=/emsdk/upstream/emscripten/emcc
ac_cv_prog_cc_c11=
ac_cv_prog_cc_g=yes
ac_cv_prog_cc_stdc=
ac_cv_type_pid_t=yes

## ----------------- ##
## Output variables. ##
## ----------------- ##

CC='/emsdk/upstream/emscripten/emcc'
CFLAGS='-g -O2'
CPPFLAGS=''
DEFS='-DHAVE_CONFIG_H'
ECHO_C=''
ECHO_N='-n'
ECHO_T=''
EXEEXT=''
GAPARCH='aarch64-apple-darwin25-default64-kv11'
GAPROOT='/gap'
GAP_CFLAGS=' -pthread -g -O2'
GAP_CPPFLAGS=' -I/Users/caj/files/reps/gap/gap/gap-in-the-browser/build/gap/build -I/Users/caj/files/reps/gap/gap/gap-in-the-browser/build/gap/src/extra -DUSE_GASMAN=1   -I/src'
GAP_LDFLAGS=' '
LDFLAGS=''
LIBOBJS=''
LIBS=''
LTLIBOBJS=''
OBJEXT='o'
PACKAGE_BUGREPORT='https://github.com/gap-packages/io/issues'
PACKAGE_NAME='io'
PACKAGE_STRING='io package'
PACKAGE_TARNAME='io'
PACKAGE_URL='https://gap-packages.github.io/io/'
PACKAGE_VERSION='package'
PATH_SEPARATOR=':'
SHELL='/bin/bash'
ac_ct_CC='/emsdk/upstream/emscripten/emcc'
bindir='${exec_prefix}/bin'
build_alias=''
datadir='${datarootdir}'
datarootdir='${prefix}/share'
docdir='${datarootdir}/doc/${PACKAGE_TARNAME}'
dvidir='${docdir}'
exec_prefix='${prefix}'
host_alias=''
htmldir='${docdir}'
includedir='${prefix}/include'
infodir='${datarootdir}/info'
libdir='${exec_prefix}/lib'
libexecdir='${exec_prefix}/libexec'
localedir='${datarootdir}/locale'
localstatedir='${prefix}/var'
mandir='${datarootdir}/man'
oldincludedir='/usr/include'
pdfdir='${docdir}'
prefix='/usr/local'
program_transform_name='s,x,x,'
psdir='${docdir}'
runstatedir='${localstatedir}/run'
sbindir='${exec_prefix}/sbin'
sharedstatedir='${prefix}/com'
sysconfdir='${prefix}/etc'
target_alias=''

## ----------- ##
## confdefs.h. ##
## ----------- ##

/* confdefs.h */
#define PACKAGE_NAME "io"
#define PACKAGE_TARNAME "io"
#define PACKAGE_VERSION "package"
#define PACKAGE_STRING "io package"
#define PACKAGE_BUGREPORT "https://github.com/gap-packages/io/issues"
#define PACKAGE_URL "https://gap-packages.github.io/io/"
#define HAVE_STDIO_H 1
#define HAVE_STDLIB_H 1
#define HAVE_STRING_H 1
#define HAVE_INTTYPES_H 1
#define HAVE_STDINT_H 1
#define HAVE_STRINGS_H 1
#define HAVE_SYS_STAT_H 1
#define HAVE_SYS_TYPES_H 1
#define HAVE_UNISTD_H 1
#define HAVE_DIRENT_H 1
#define HAVE_FCNTL_H 1
#define HAVE_NETDB_H 1
#define HAVE_NETINET_IN_H 1
#define HAVE_NETINET_TCP_H 1
#define HAVE_SIGNAL_H 1
#define HAVE_SYS_PARAM_H 1
#define HAVE_SYS_SOCKET_H 1
#define HAVE_SYS_TIME_H 1
#define HAVE_SYS_WAIT_H 1
#define HAVE_TIME_H 1
#define STDC_HEADERS 1
#define HAVE_FORK 1
#define HAVE_VFORK 1
#define HAVE_ACCEPT 1
#define HAVE_BIND 1
#define HAVE_CHMOD 1
#define HAVE_CHOWN 1
#define HAVE_CLOSEDIR 1
#define HAVE_CONNECT 1
#define HAVE_DUP 1
#define HAVE_DUP2 1
#define HAVE_FCHMOD 1
#define HAVE_FCHOWN 1
#define HAVE_FSTAT 1
#define HAVE_GETHOSTBYNAME 1
#define HAVE_GETHOSTNAME 1
#define HAVE_GETPID 1
#define HAVE_GETPPID 1
#define HAVE_GETPROTOBYNAME 1
#define HAVE_GETSOCKNAME 1
#define HAVE_GETSOCKOPT 1
#define HAVE_GETTIMEOFDAY 1
#define HAVE_GMTIME 1
#define HAVE_KILL 1
#define HAVE_LCHOWN 1
#define HAVE_LINK 1
#define HAVE_LISTEN 1
#define HAVE_LOCALTIME 1
#define HAVE_LSTAT 1
#define HAVE_MEMSET 1
#define HAVE_MKDIR 1
#define HAVE_MKDTEMP 1
#define HAVE_MKFIFO 1
#define HAVE_MKNOD 1
#define HAVE_MKSTEMP 1
#define HAVE_OPENDIR 1
#define HAVE_READDIR 1
#define HAVE_READLINK 1
#define HAVE_RECV 1
#define HAVE_RECVFROM 1
#define HAVE_RENAME 1
#define HAVE_REWINDDIR 1
#define HAVE_RMDIR 1
#define HAVE_SEEKDIR 1
#define HAVE_SELECT 1
#define HAVE_SEND 1
#define HAVE_SENDTO 1
#define HAVE_SETSOCKOPT 1
#define HAVE_SIGACTION 1
#define HAVE_SIGNAL 1
#define HAVE_SOCKET 1
#define HAVE_STAT 1
#define HAVE_SYMLINK 1
#define HAVE_TELLDIR 1
#define HAVE_UNLINK 1
#define HAVE_WORKING_VFORK 1

configure: exit 0
